rlzi,sid,eid,gmv_PGA
0,0,9388798509056,4.007438E-01
