{
  "$schema": "https://vega.github.io/schema/vega-lite/v2.6.0.json",
  "config": {
    "view": {
      "height": 300,
      "width": 400
    }
  },
  "data": {
    "name": "data-5f22e562d5ccfb3dd09ecb491c02c17e"
  },
  "datasets": {
    "data-5f22e562d5ccfb3dd09ecb491c02c17e": [
      {
        "Autocorrelation": 0.9999999999999998,
        "Lag": 0
      },
      {
        "Autocorrelation": -0.07051583228220218,
        "Lag": 1
      },
      {
        "Autocorrelation": 0.2825921981910391,
        "Lag": 2
      },
      {
        "Autocorrelation": -0.12163420132397063,
        "Lag": 3
      },
      {
        "Autocorrelation": 0.07458779245608979,
        "Lag": 4
      },
      {
        "Autocorrelation": -0.07349594858870878,
        "Lag": 5
      },
      {
        "Autocorrelation": 0.07101066702233698,
        "Lag": 6
      },
      {
        "Autocorrelation": -0.050568648836178155,
        "Lag": 7
      },
      {
        "Autocorrelation": 0.055437128718518885,
        "Lag": 8
      },
      {
        "Autocorrelation": -0.17478516829165627,
        "Lag": 9
      },
      {
        "Autocorrelation": 0.2372179636357854,
        "Lag": 10
      },
      {
        "Autocorrelation": -0.1215914908735529,
        "Lag": 11
      },
      {
        "Autocorrelation": 0.12712984228112253,
        "Lag": 12
      },
      {
        "Autocorrelation": -0.042201004457959546,
        "Lag": 13
      },
      {
        "Autocorrelation": 0.11602305290330876,
        "Lag": 14
      },
      {
        "Autocorrelation": 0.04176962702559601,
        "Lag": 15
      }
    ]
  },
  "encoding": {
    "x": {
      "field": "Lag",
      "type": "ordinal"
    },
    "y": {
      "field": "Autocorrelation",
      "type": "quantitative"
    }
  },
  "mark": "bar"
}