Hello world sleeping for 3.000000 seconds on rank 0 of 1
