Hello world sleeping for 18.000000 seconds on rank 0 of 1
