Hello world sleeping for 5.000000 seconds on rank 0 of 1
