
libEnsemble manager total time: 0.03535652160644531
4 {'sim_max': 60}
