
libEnsemble manager total time: 0.06343364715576172
4 {'sim_max': 90}

libEnsemble manager total time: 0.0586094856262207
4 {'sim_max': 90}

libEnsemble manager total time: 0.06116127967834473
4 {'sim_max': 90}

libEnsemble manager total time: 0.08510255813598633
4 {'sim_max': 90}

libEnsemble manager total time: 0.3563404083251953
4 {'sim_max': 90}

libEnsemble manager total time: 3.0679728984832764
4 {'sim_max': 90}
