
libEnsemble manager total time: 0.05963420867919922
2 {'sim_max': 2}
