
libEnsemble manager total time: 1.7780301570892334
2 {'sim_max': 2140}



Run completed.
Saving results to file: chwirut_uniform_sampling_one_residual_at_a_time_results_after_evals=2140_ranks=2
