
libEnsemble manager total time: 0.026432514190673828
2 {'sim_max': 30}

libEnsemble manager total time: 0.025176048278808594
2 {'sim_max': 30}

libEnsemble manager total time: 0.028501510620117188
2 {'sim_max': 30}

libEnsemble manager total time: 0.0569758415222168
2 {'sim_max': 30}

libEnsemble manager total time: 0.3326706886291504
2 {'sim_max': 30}

libEnsemble manager total time: 3.0360491275787354
2 {'sim_max': 30}
