
*******************************************************************************
User generator script will be creating sim_id.
Take care to do this sequentially.
Also, any information given back for existing sim_id values will be overwritten!
So everything in gen_out should be in gen_in!
*******************************************************************************



libEnsemble manager total time: 0.21558213233947754
2 {'sim_max': 100}



Run completed.
Saving results to file: nan_func_aposmm_results_History_length=100_evals=100_ranks=2
