
libEnsemble manager total time: 0.04308819770812988
4 {'sim_max': 40}
