
libEnsemble manager total time: 0.46156787872314453
2 {'gen_max': 501}



Run completed.
Saving results to file: 6-hump_camel_uniform_sampling_results_History_length=1000_evals=500_ranks=2

libEnsemble with Uniform random sampling has identified the 6 minima within a tolerance 0.1
