
*******************************************************************************
User generator script will be creating sim_id.
Take care to do this sequentially.
Also, any information given back for existing sim_id values will be overwritten!
So everything in gen_out should be in gen_in!
*******************************************************************************



libEnsemble manager total time: 1.8450298309326172
4 {'sim_max': 2140}



Run completed.
Saving results to file: chwirut_aposmm_one_residual_at_a_time_results_after_evals=2140_ranks=4
