Hello world sleeping for 10.000000 seconds on rank 0 of 1
