Hello world sleeping for 0.000000 seconds on rank 0 of 1
