Hello world sleeping for 0.200000 seconds on rank 0 of 1
