Hello world sleeping for 0.000000 seconds on rank 1 of 6
Hello world sleeping for 0.000000 seconds on rank 2 of 6
Hello world sleeping for 0.000000 seconds on rank 4 of 6
Hello world sleeping for 0.000000 seconds on rank 5 of 6
Hello world sleeping for 0.000000 seconds on rank 0 of 6
Hello world sleeping for 0.000000 seconds on rank 3 of 6
