Hello world sleeping for 0.100000 seconds on rank 0 of 1
Oh Dear! An non-fatal Error seems to have occured on rank 0
