Hello world sleeping for 0.000000 seconds on rank 0 of 2
Hello world sleeping for 0.000000 seconds on rank 1 of 2
