Hello world sleeping for 2.000000 seconds on rank 0 of 1
