Hello world sleeping for 0.100000 seconds on rank 0 of 1
