Hello world sleeping for 0.500000 seconds on rank 0 of 1
