=== ===========
rlz structural 
=== ===========
0   3.15850E+07
=== ===========