ERROR    eawag.datapool  JULIA: UndefVarError: wrong_module_name not defined
running script failed. exit_code is 1.
