asset_ref,taxonomy,lon,lat,occupants~mean,occupants~stddev
a1,"tax1",-122.00000,38.11300,9.54492E-03,9.32736E-03
a2,"tax1",-122.01000,38.11300,1.03565E-02,1.20733E-02
a3,"tax1",-122.02000,38.11300,8.37971E-03,6.78027E-03
